STDOUT:
Loading PP-StructureV3 (first run may download models)...
1/34 001_GameViewer_zhqMMubnFC.png: FAILED
2/34 002_GameViewer_mSjE5c77cU.png: BLOCKED
3/34 003_GameViewer_YD0KXOvtru.png: BLOCKED
4/34 004_GameViewer_UNcBwhxd6p.png: BLOCKED
5/34 005_GameViewer_d75FcUBG6r.png: BLOCKED
6/34 006_GameViewer_fM6B3V1MZa.png: BLOCKED
7/34 007_GameViewer_g1ervmMTML.png: BLOCKED
8/34 008_GameViewer_2uQCOfPrkt.png: BLOCKED
9/34 009_GameViewer_b5Zw4QmB0k.png: BLOCKED
10/34 010_GameViewer_NwhwKmtKFX.png: BLOCKED
11/34 011_GameViewer_hSD0XtgcWf.png: BLOCKED
12/34 012_GameViewer_9c8RRrSd9E.png: BLOCKED
13/34 013_GameViewer_ewaf8nfDYO.png: BLOCKED
14/34 014_GameViewer_2GmIs3Txss.png: BLOCKED
15/34 015_GameViewer_AifkZFmYbK.png: BLOCKED
16/34 016_GameViewer_33dN5UObaU.png: BLOCKED
17/34 017_GameViewer_aayDL4exfR.png: BLOCKED
18/34 018_GameViewer_qSbZTCo4j1.png: BLOCKED
19/34 019_GameViewer_gjqrScVqKg.png: BLOCKED
20/34 020_GameViewer_zAjWgBJXhT.png: BLOCKED
21/34 021_GameViewer_MNPZWAaUOP.png: BLOCKED
22/34 022_GameViewer_r0bwQa8yYj.png: BLOCKED
23/34 023_GameViewer_XXl2jo2jlJ.png: BLOCKED
24/34 024_GameViewer_cIvqpt9Taz.png: BLOCKED
25/34 025_GameViewer_ZSG3C1pA40.png: BLOCKED
26/34 026_GameViewer_jaGbm9TqkG.png: BLOCKED
27/34 027_GameViewer_VHerZmTkM6.png: BLOCKED
28/34 028_GameViewer_OwiMiuVpie.png: BLOCKED
29/34 029_GameViewer_yMCg2XKxbC.png: BLOCKED
30/34 030_GameViewer_SDBtvcoMZr.png: BLOCKED
31/34 031_GameViewer_40U3pOHhbs.png: BLOCKED
32/34 032_GameViewer_9klzsxmEHH.png: BLOCKED
33/34 033_GameViewer_8l9f3QI2Vp.png: BLOCKED
34/34 034_GameViewer_Tz8LPXF0C5.png: BLOCKED
{
  "schema": 1,
  "status": "PARTIAL_FAILURE",
  "attempt_id": "87584baadab64578",
  "approval_id": "135d040865d8b531b8fae8859f1bd4a92c276e243e72bdc377263475d626cb1c",
  "documents": [
    {
      "id": "efc_detail",
      "status": "PARTIAL_FAILURE",
      "run_directory": "D:\\agent_workspace\\mu\\mp4_analysis\\work\\screenshot_collection\\d_efc_detail\\batches\\3eaacd21e3d4643711e0bdb2853ee6f248731fec4e24c78360f8f067ba247287\\runs\\r_2c59d3d840cc734a",
      "ocr_status": "PARTIAL_FAILURE",
      "counts": {
        "FAILED": 1,
        "BLOCKED": 33
      },
      "cache_hits": 0,
      "cross_batch_cache_hits": 0,
      "pipeline_elapsed_seconds": 4.0972,
      "pipeline_stage_timings": {
        "prepare_seconds": 3.6601,
        "cache_scan_seconds": 0.001,
        "cache_lookup_seconds": 0.0027,
        "parser_call_seconds": 0.0018,
        "other_seconds": 0.4315
      },
      "export_elapsed_seconds": 1.1187,
      "delivery_directory": "D:\\agent_workspace\\mu\\mp4_analysis\\work\\screenshot_collection\\deliveries\\d_efc_detail\\v_bb5a28193a35d605_ad302ba6",
      "delivery_reused": false,
      "unresolved_count": 34,
      "export_errors": [
        {
          "stage": "word",
          "message": "RuntimeError: Pandoc executable is required for document.docx"
        }
      ],
      "elapsed_seconds": 5.2433
    },
    {
      "id": "efc_lrs",
      "status": "FAILED",
      "error": "RuntimeError: Native engine failed to initialize; other groups retained for resume",
      "elapsed_seconds": 0.0
    }
  ],
  "accuracy_verified": false,
  "timing_scope": "execute entry INCLUDING initial preparation to final snapshot; excludes process startup/plan parsing/final serialization",
  "prepare_seconds": 6.6493,
  "elapsed_seconds": 11.9041,
  "stage_timings": {
    "initial_prepare_seconds": 6.6493,
    "document_execution_seconds": 5.2433,
    "other_seconds": 0.0115
  },
  "current_command_seconds": 11.9142,
  "current_command_scope": "main entry to stdout snapshot, not previous OCR time or interpreter startup"
}

STDERR:
bystander guard skipped: requires paddlex==3.7.2, found None

EXIT CODE: 2
WALL CLOCK TIME: 12.0650 seconds
